###############################################################################
#
# IAR ELF Linker V7.60.1.11101/W32 for ARM                12/May/2016  16:09:47
# Copyright 2007-2016 IAR Systems AB.
#
#    Output file  =  D:\THUA\development\IAR_works\LED\EWARM\LED\Exe\LED.out
#    Map file     =  D:\THUA\development\IAR_works\LED\EWARM\LED\List\LED.map
#    Command line =  
#        D:\THUA\development\IAR_works\LED\EWARM\LED\Obj\cmsis_os.o
#        D:\THUA\development\IAR_works\LED\EWARM\LED\Obj\croutine.o
#        D:\THUA\development\IAR_works\LED\EWARM\LED\Obj\event_groups.o
#        D:\THUA\development\IAR_works\LED\EWARM\LED\Obj\freertos.o
#        D:\THUA\development\IAR_works\LED\EWARM\LED\Obj\heap_4.o
#        D:\THUA\development\IAR_works\LED\EWARM\LED\Obj\LCD22.o
#        D:\THUA\development\IAR_works\LED\EWARM\LED\Obj\list.o
#        D:\THUA\development\IAR_works\LED\EWARM\LED\Obj\main.o
#        D:\THUA\development\IAR_works\LED\EWARM\LED\Obj\port.o
#        D:\THUA\development\IAR_works\LED\EWARM\LED\Obj\portasm.o
#        D:\THUA\development\IAR_works\LED\EWARM\LED\Obj\queue.o
#        D:\THUA\development\IAR_works\LED\EWARM\LED\Obj\startup_stm32f446xx.o
#        D:\THUA\development\IAR_works\LED\EWARM\LED\Obj\stm32f4xx_hal.o
#        D:\THUA\development\IAR_works\LED\EWARM\LED\Obj\stm32f4xx_hal_cortex.o
#        D:\THUA\development\IAR_works\LED\EWARM\LED\Obj\stm32f4xx_hal_dma.o
#        D:\THUA\development\IAR_works\LED\EWARM\LED\Obj\stm32f4xx_hal_dma_ex.o
#        D:\THUA\development\IAR_works\LED\EWARM\LED\Obj\stm32f4xx_hal_flash.o
#        D:\THUA\development\IAR_works\LED\EWARM\LED\Obj\stm32f4xx_hal_flash_ex.o
#        D:\THUA\development\IAR_works\LED\EWARM\LED\Obj\stm32f4xx_hal_flash_ramfunc.o
#        D:\THUA\development\IAR_works\LED\EWARM\LED\Obj\stm32f4xx_hal_gpio.o
#        D:\THUA\development\IAR_works\LED\EWARM\LED\Obj\stm32f4xx_hal_msp.o
#        D:\THUA\development\IAR_works\LED\EWARM\LED\Obj\stm32f4xx_hal_pwr.o
#        D:\THUA\development\IAR_works\LED\EWARM\LED\Obj\stm32f4xx_hal_pwr_ex.o
#        D:\THUA\development\IAR_works\LED\EWARM\LED\Obj\stm32f4xx_hal_rcc.o
#        D:\THUA\development\IAR_works\LED\EWARM\LED\Obj\stm32f4xx_hal_rcc_ex.o
#        D:\THUA\development\IAR_works\LED\EWARM\LED\Obj\stm32f4xx_hal_spi.o
#        D:\THUA\development\IAR_works\LED\EWARM\LED\Obj\stm32f4xx_hal_tim.o
#        D:\THUA\development\IAR_works\LED\EWARM\LED\Obj\stm32f4xx_hal_tim_ex.o
#        D:\THUA\development\IAR_works\LED\EWARM\LED\Obj\stm32f4xx_hal_timebase_TIM.o
#        D:\THUA\development\IAR_works\LED\EWARM\LED\Obj\stm32f4xx_it.o
#        D:\THUA\development\IAR_works\LED\EWARM\LED\Obj\system_stm32f4xx.o
#        D:\THUA\development\IAR_works\LED\EWARM\LED\Obj\tasks.o
#        D:\THUA\development\IAR_works\LED\EWARM\LED\Obj\timers.o --redirect
#        _Printf=_PrintfFull --redirect _Scanf=_ScanfFull -o
#        D:\THUA\development\IAR_works\LED\EWARM\LED\Exe\LED.out --map
#        D:\THUA\development\IAR_works\LED\EWARM\LED\List\LED.map --config
#        D:\THUA\development\IAR_works\LED\EWARM/stm32f446xx_flash.icf
#        --semihosting --entry __iar_program_start --vfe
#
###############################################################################

*******************************************************************************
*** RUNTIME MODEL ATTRIBUTES
***

CppFlavor       = *
__SystemLibrary = DLib


*******************************************************************************
*** PLACEMENT SUMMARY
***

"A1":  place at 0x08000000 { ro section .intvec };
"P1":  place in [from 0x08000000 to 0x0807ffff] { ro };
"P2":  place in [from 0x20000000 to 0x2001ffff] { rw, block CSTACK, block HEAP };
initialize by copy { rw };

  Section            Kind        Address    Size  Object
  -------            ----        -------    ----  ------
"A1":                                      0x1c4
  .intvec            ro code  0x08000000   0x1c4  startup_stm32f446xx.o [1]
                            - 0x080001c4   0x1c4

"P1":                                     0x3250
  .text              ro code  0x080001c4   0x7f4  tasks.o [1]
  .text              ro code  0x080009b8   0x200  port.o [1]
  .text              ro code  0x08000bb8    0x9e  list.o [1]
  .text              ro code  0x08000c58   0x284  heap_4.o [1]
  .text              ro code  0x08000edc    0x66  ABImemset.o [5]
  CODE               ro code  0x08000f44    0xa8  portasm.o [1]
  .text              ro code  0x08000fec   0x7a6  stm32f4xx_hal_spi.o [1]
  .text              ro code  0x08001794   0x108  stm32f4xx_hal_msp.o [1]
  .text              ro code  0x0800189c    0x54  stm32f4xx_hal.o [1]
  .text              ro code  0x080018f0   0x160  stm32f4xx_hal_cortex.o [1]
  .text              ro code  0x08001a50   0x23c  stm32f4xx_hal_gpio.o [1]
  .text              ro code  0x08001c8c    0xa2  stm32f4xx_hal_timebase_TIM.o [1]
  .text              ro code  0x08001d30   0x224  stm32f4xx_hal_rcc.o [1]
  .text              ro code  0x08001f54   0x2f0  stm32f4xx_hal_tim.o [1]
  .text              ro code  0x08002244   0x4f0  stm32f4xx_hal_rcc_ex.o [1]
  .text              ro code  0x08002734     0x4  stm32f4xx_hal_tim_ex.o [1]
  .text              ro code  0x08002738   0x588  LCD22.o [1]
  .text              ro code  0x08002cc0    0x82  cmsis_os.o [1]
  .text              ro code  0x08002d44   0x2f4  main.o [1]
  .text              ro code  0x08003038    0x56  ABImemcpy_unaligned.o [5]
  .text              ro code  0x08003090    0x6c  system_stm32f4xx.o [1]
  .text              ro code  0x080030fc    0x40  zero_init3.o [5]
  .text              ro code  0x0800313c    0x2c  copy_init3.o [5]
  .text              ro code  0x08003168    0x28  data_init.o [5]
  .text              ro code  0x08003190    0x24  stm32f4xx_it.o [1]
  .text              ro code  0x080031b4    0x22  fpinit_M.o [4]
  .iar.init_table    const    0x080031d8    0x24  - Linker created -
  .text              ro code  0x080031fc    0x1a  cmain.o [5]
  .text              ro code  0x08003216     0x4  low_level_init.o [3]
  .text              ro code  0x0800321a     0x4  exit.o [3]
  .text              ro code  0x08003220     0xa  cexit.o [5]
  .text              ro code  0x0800322c    0x14  exit.o [6]
  .rodata            const    0x08003240    0x14  main.o [1]
  .rodata            const    0x08003254    0x14  main.o [1]
  .rodata            const    0x08003268    0x10  stm32f4xx_hal_rcc.o [1]
  .text              ro code  0x08003278    0x10  startup_stm32f446xx.o [1]
  .rodata            const    0x08003288     0xc  main.o [1]
  .text              ro code  0x08003294     0xc  cstartup_M.o [5]
  Initializer bytes  const    0x080032a0     0xc  <for P2-1>
  .rodata            const    0x080032ac     0x8  main.o [1]
  .rodata            const    0x080032b4     0x8  tasks.o [1]
  .rodata            const    0x080032bc     0x4  heap_4.o [1]
  .text              ro code  0x080032c0     0x4  startup_stm32f446xx.o [1]
  .text              ro code  0x080032c4     0x4  startup_stm32f446xx.o [1]
  .text              ro code  0x080032c8     0x4  startup_stm32f446xx.o [1]
  .text              ro code  0x080032cc     0x4  startup_stm32f446xx.o [1]
  .text              ro code  0x080032d0     0x4  startup_stm32f446xx.o [1]
  .text              ro code  0x080032d4     0x4  startup_stm32f446xx.o [1]
  .text              ro code  0x080032d8     0x4  startup_stm32f446xx.o [1]
  .text              ro code  0x080032dc     0x4  startup_stm32f446xx.o [1]
  .text              ro code  0x080032e0     0x4  startup_stm32f446xx.o [1]
  .text              ro code  0x080032e4     0x4  startup_stm32f446xx.o [1]
  .text              ro code  0x080032e8     0x4  startup_stm32f446xx.o [1]
  .text              ro code  0x080032ec     0x4  startup_stm32f446xx.o [1]
  .text              ro code  0x080032f0     0x4  startup_stm32f446xx.o [1]
  .text              ro code  0x080032f4     0x4  startup_stm32f446xx.o [1]
  .text              ro code  0x080032f8     0x4  startup_stm32f446xx.o [1]
  .text              ro code  0x080032fc     0x4  startup_stm32f446xx.o [1]
  .text              ro code  0x08003300     0x4  startup_stm32f446xx.o [1]
  .text              ro code  0x08003304     0x4  startup_stm32f446xx.o [1]
  .text              ro code  0x08003308     0x4  startup_stm32f446xx.o [1]
  .text              ro code  0x0800330c     0x4  startup_stm32f446xx.o [1]
  .text              ro code  0x08003310     0x4  startup_stm32f446xx.o [1]
  .text              ro code  0x08003314     0x4  startup_stm32f446xx.o [1]
  .text              ro code  0x08003318     0x4  startup_stm32f446xx.o [1]
  .text              ro code  0x0800331c     0x4  startup_stm32f446xx.o [1]
  .text              ro code  0x08003320     0x4  startup_stm32f446xx.o [1]
  .text              ro code  0x08003324     0x4  startup_stm32f446xx.o [1]
  .text              ro code  0x08003328     0x4  startup_stm32f446xx.o [1]
  .text              ro code  0x0800332c     0x4  startup_stm32f446xx.o [1]
  .text              ro code  0x08003330     0x4  startup_stm32f446xx.o [1]
  .text              ro code  0x08003334     0x4  startup_stm32f446xx.o [1]
  .text              ro code  0x08003338     0x4  startup_stm32f446xx.o [1]
  .text              ro code  0x0800333c     0x4  startup_stm32f446xx.o [1]
  .text              ro code  0x08003340     0x4  startup_stm32f446xx.o [1]
  .text              ro code  0x08003344     0x4  startup_stm32f446xx.o [1]
  .text              ro code  0x08003348     0x4  startup_stm32f446xx.o [1]
  .text              ro code  0x0800334c     0x4  startup_stm32f446xx.o [1]
  .text              ro code  0x08003350     0x4  startup_stm32f446xx.o [1]
  .text              ro code  0x08003354     0x4  startup_stm32f446xx.o [1]
  .text              ro code  0x08003358     0x4  startup_stm32f446xx.o [1]
  .text              ro code  0x0800335c     0x4  startup_stm32f446xx.o [1]
  .text              ro code  0x08003360     0x4  startup_stm32f446xx.o [1]
  .text              ro code  0x08003364     0x4  startup_stm32f446xx.o [1]
  .text              ro code  0x08003368     0x4  startup_stm32f446xx.o [1]
  .text              ro code  0x0800336c     0x4  startup_stm32f446xx.o [1]
  .text              ro code  0x08003370     0x4  startup_stm32f446xx.o [1]
  .text              ro code  0x08003374     0x4  startup_stm32f446xx.o [1]
  .text              ro code  0x08003378     0x4  startup_stm32f446xx.o [1]
  .text              ro code  0x0800337c     0x4  startup_stm32f446xx.o [1]
  .text              ro code  0x08003380     0x4  startup_stm32f446xx.o [1]
  .text              ro code  0x08003384     0x4  startup_stm32f446xx.o [1]
  .text              ro code  0x08003388     0x4  startup_stm32f446xx.o [1]
  .text              ro code  0x0800338c     0x4  startup_stm32f446xx.o [1]
  .text              ro code  0x08003390     0x4  startup_stm32f446xx.o [1]
  .text              ro code  0x08003394     0x4  startup_stm32f446xx.o [1]
  .text              ro code  0x08003398     0x4  startup_stm32f446xx.o [1]
  .text              ro code  0x0800339c     0x4  startup_stm32f446xx.o [1]
  .text              ro code  0x080033a0     0x4  startup_stm32f446xx.o [1]
  .text              ro code  0x080033a4     0x4  startup_stm32f446xx.o [1]
  .text              ro code  0x080033a8     0x4  startup_stm32f446xx.o [1]
  .text              ro code  0x080033ac     0x4  startup_stm32f446xx.o [1]
  .text              ro code  0x080033b0     0x4  startup_stm32f446xx.o [1]
  .text              ro code  0x080033b4     0x4  startup_stm32f446xx.o [1]
  .text              ro code  0x080033b8     0x4  startup_stm32f446xx.o [1]
  .text              ro code  0x080033bc     0x4  startup_stm32f446xx.o [1]
  .text              ro code  0x080033c0     0x4  startup_stm32f446xx.o [1]
  .text              ro code  0x080033c4     0x4  startup_stm32f446xx.o [1]
  .text              ro code  0x080033c8     0x4  startup_stm32f446xx.o [1]
  .text              ro code  0x080033cc     0x4  startup_stm32f446xx.o [1]
  .text              ro code  0x080033d0     0x4  startup_stm32f446xx.o [1]
  .text              ro code  0x080033d4     0x4  startup_stm32f446xx.o [1]
  .text              ro code  0x080033d8     0x4  startup_stm32f446xx.o [1]
  .text              ro code  0x080033dc     0x4  startup_stm32f446xx.o [1]
  .text              ro code  0x080033e0     0x4  startup_stm32f446xx.o [1]
  .text              ro code  0x080033e4     0x4  startup_stm32f446xx.o [1]
  .text              ro code  0x080033e8     0x4  startup_stm32f446xx.o [1]
  .text              ro code  0x080033ec     0x4  startup_stm32f446xx.o [1]
  .text              ro code  0x080033f0     0x4  startup_stm32f446xx.o [1]
  .text              ro code  0x080033f4     0x4  startup_stm32f446xx.o [1]
  .text              ro code  0x080033f8     0x4  startup_stm32f446xx.o [1]
  .text              ro code  0x080033fc     0x4  startup_stm32f446xx.o [1]
  .text              ro code  0x08003400     0x4  startup_stm32f446xx.o [1]
  .text              ro code  0x08003404     0x4  startup_stm32f446xx.o [1]
  .text              ro code  0x08003408     0x4  startup_stm32f446xx.o [1]
  .text              ro code  0x0800340c     0x4  startup_stm32f446xx.o [1]
  .text              ro code  0x08003410     0x4  startup_stm32f446xx.o [1]
  .rodata            const    0x08003414     0x0  zero_init3.o [5]
  .rodata            const    0x08003414     0x0  copy_init3.o [5]
                            - 0x08003414  0x3250

"P2", part 1 of 3:                           0xc
  P2-1                        0x20000000     0xc  <Init block>
    .data            inited   0x20000000     0x4  port.o [1]
    .data            inited   0x20000004     0x4  system_stm32f4xx.o [1]
    .data            inited   0x20000008     0x4  tasks.o [1]
                            - 0x2000000c     0xc

"P2", part 2 of 3:                         0x400
  CSTACK                      0x20000010   0x400  <Block>
    CSTACK           uninit   0x20000010   0x400  <Block tail>
                            - 0x20000410   0x400

"P2", part 3 of 3:                        0x3e5c
  .bss               zero     0x20000410  0x3c00  heap_4.o [1]
  .bss               zero     0x20004010    0x8c  tasks.o [1]
  .bss               zero     0x2000409c    0x58  main.o [1]
  .bss               zero     0x200040f4    0x58  main.o [1]
  .bss               zero     0x2000414c    0x3c  stm32f4xx_hal_timebase_TIM.o [1]
  .bss               zero     0x20004188    0x20  LCD22.o [1]
  .bss               zero     0x200041a8    0x14  tasks.o [1]
  .bss               zero     0x200041bc    0x14  tasks.o [1]
  .bss               zero     0x200041d0    0x14  tasks.o [1]
  .bss               zero     0x200041e4    0x14  tasks.o [1]
  .bss               zero     0x200041f8    0x14  tasks.o [1]
  .bss               zero     0x2000420c     0x8  heap_4.o [1]
  .bss               zero     0x20004214     0x4  heap_4.o [1]
  .bss               zero     0x20004218     0x4  heap_4.o [1]
  .bss               zero     0x2000421c     0x4  heap_4.o [1]
  .bss               zero     0x20004220     0x4  heap_4.o [1]
  .bss               zero     0x20004224     0x4  main.o [1]
  .bss               zero     0x20004228     0x4  main.o [1]
  .bss               zero     0x2000422c     0x4  port.o [1]
  .bss               zero     0x20004230     0x4  stm32f4xx_hal.o [1]
  .bss               zero     0x20004234     0x4  tasks.o [1]
  .bss               zero     0x20004238     0x4  tasks.o [1]
  .bss               zero     0x2000423c     0x4  tasks.o [1]
  .bss               zero     0x20004240     0x4  tasks.o [1]
  .bss               zero     0x20004244     0x4  tasks.o [1]
  .bss               zero     0x20004248     0x4  tasks.o [1]
  .bss               zero     0x2000424c     0x4  tasks.o [1]
  .bss               zero     0x20004250     0x4  tasks.o [1]
  .bss               zero     0x20004254     0x4  tasks.o [1]
  .bss               zero     0x20004258     0x4  tasks.o [1]
  .bss               zero     0x2000425c     0x4  tasks.o [1]
  .bss               zero     0x20004260     0x4  tasks.o [1]
  .bss               zero     0x20004264     0x4  tasks.o [1]
  .bss               zero     0x20004268     0x1  LCD22.o [1]
  .bss               zero     0x20004269     0x1  LCD22.o [1]
  .bss               zero     0x2000426a     0x1  LCD22.o [1]
  .bss               zero     0x2000426b     0x1  port.o [1]
                            - 0x2000426c  0x3e5c


*******************************************************************************
*** INIT TABLE
***

          Address     Size
          -------     ----
Zero (__iar_zero_init3)
    1 destination range, total size 0x3e5c:
          0x20000410  0x3e5c

Copy (__iar_copy_init3)
    1 source range, total size 0xc:
          0x080032a0     0xc
    1 destination range, total size 0xc:
          0x20000000     0xc



*******************************************************************************
*** MODULE SUMMARY
***

    Module                        ro code  ro data  rw data
    ------                        -------  -------  -------
D:\THUA\development\IAR_works\LED\EWARM\LED\Obj: [1]
    LCD22.o                         1 416                35
    cmsis_os.o                        130
    heap_4.o                          644        4   15 384
    list.o                            158
    main.o                            756       60      184
    port.o                            512        4        9
    portasm.o                         168
    startup_stm32f446xx.o             808
    stm32f4xx_hal.o                    84                 4
    stm32f4xx_hal_cortex.o            352
    stm32f4xx_hal_gpio.o              572
    stm32f4xx_hal_msp.o               264
    stm32f4xx_hal_rcc.o               548       16
    stm32f4xx_hal_rcc_ex.o          1 264
    stm32f4xx_hal_spi.o             1 958
    stm32f4xx_hal_tim.o               752
    stm32f4xx_hal_tim_ex.o              4
    stm32f4xx_hal_timebase_TIM.o      162                60
    stm32f4xx_it.o                     36
    system_stm32f4xx.o                108        4        4
    tasks.o                         2 036       12      296
    -------------------------------------------------------
    Total:                         12 732      100   15 976

command line: [2]
    -------------------------------------------------------
    Total:

dl7M_tlf.a: [3]
    exit.o                              4
    low_level_init.o                    4
    -------------------------------------------------------
    Total:                              8

m7M_tls.a: [4]
    fpinit_M.o                         34
    -------------------------------------------------------
    Total:                             34

rt7M_tl.a: [5]
    ABImemcpy_unaligned.o              86
    ABImemset.o                       102
    cexit.o                            10
    cmain.o                            26
    copy_init3.o                       44
    cstartup_M.o                       12
    data_init.o                        40
    zero_init3.o                       64
    -------------------------------------------------------
    Total:                            384

shb_l.a: [6]
    exit.o                             20
    -------------------------------------------------------
    Total:                             20

    Gaps                               16        2
    Linker created                              36    1 024
-----------------------------------------------------------
    Grand Total:                   13 194      138   17 000


*******************************************************************************
*** ENTRY LIST
***

Entry                      Address    Size  Type      Object
-----                      -------    ----  ----      ------
.iar.init_table$$Base   0x080031d8           --   Gb  - Linker created -
.iar.init_table$$Limit  0x080031fc           --   Gb  - Linker created -
?main                   0x080031fd          Code  Gb  cmain.o [5]
APBAHBPrescTable        0x08003268    0x10  Data  Gb  stm32f4xx_hal_rcc.o [1]
BusFault_Handler        0x08003197     0x2  Code  Gb  stm32f4xx_it.o [1]
CSTACK$$Base            0x20000010           --   Gb  - Linker created -
CSTACK$$Limit           0x20000410           --   Gb  - Linker created -
DebugMon_Handler        0x0800319b     0x2  Code  Gb  stm32f4xx_it.o [1]
HAL_GPIO_Init           0x08001a51   0x1da  Code  Gb  stm32f4xx_hal_gpio.o [1]
HAL_GPIO_ReadPin        0x08001c2b    0x18  Code  Gb  stm32f4xx_hal_gpio.o [1]
HAL_GPIO_WritePin       0x08001c43    0x14  Code  Gb  stm32f4xx_hal_gpio.o [1]
HAL_GetTick             0x080018e3     0x6  Code  Wk  stm32f4xx_hal.o [1]
HAL_IncTick             0x080018d7     0xc  Code  Wk  stm32f4xx_hal.o [1]
HAL_Init                0x0800189d    0x3a  Code  Gb  stm32f4xx_hal.o [1]
HAL_InitTick            0x08001c8d    0x86  Code  Gb  stm32f4xx_hal_timebase_TIM.o [1]
HAL_MspInit             0x08001795    0x46  Code  Gb  stm32f4xx_hal_msp.o [1]
HAL_NVIC_EnableIRQ      0x080019f3     0xe  Code  Gb  stm32f4xx_hal_cortex.o [1]
HAL_NVIC_SetPriority    0x080019cd    0x26  Code  Gb  stm32f4xx_hal_cortex.o [1]
HAL_NVIC_SetPriorityGrouping
                        0x080019c1     0xc  Code  Gb  stm32f4xx_hal_cortex.o [1]
HAL_RCC_ClockConfig     0x08001d31   0x18c  Code  Gb  stm32f4xx_hal_rcc.o [1]
HAL_RCC_GetClockConfig  0x08001f05    0x3a  Code  Gb  stm32f4xx_hal_rcc.o [1]
HAL_RCC_GetHCLKFreq     0x08001ebd    0x28  Code  Gb  stm32f4xx_hal_rcc.o [1]
HAL_RCC_GetPCLK2Freq    0x08001ee5    0x20  Code  Gb  stm32f4xx_hal_rcc.o [1]
HAL_RCC_GetSysClockFreq
                        0x080025f5   0x114  Code  Gb  stm32f4xx_hal_rcc_ex.o [1]
HAL_RCC_OscConfig       0x08002245   0x3a2  Code  Gb  stm32f4xx_hal_rcc_ex.o [1]
HAL_SPI_Init            0x08000fed    0xa0  Code  Gb  stm32f4xx_hal_spi.o [1]
HAL_SPI_MspInit         0x080017db    0xaa  Code  Gb  stm32f4xx_hal_msp.o [1]
HAL_SPI_Receive         0x08001227   0x23a  Code  Gb  stm32f4xx_hal_spi.o [1]
HAL_SPI_Transmit        0x0800108d   0x19a  Code  Gb  stm32f4xx_hal_spi.o [1]
HAL_SPI_TransmitReceive
                        0x08001461   0x23e  Code  Gb  stm32f4xx_hal_spi.o [1]
HAL_SYSTICK_CLKSourceConfig
                        0x08001a0d    0x22  Code  Gb  stm32f4xx_hal_cortex.o [1]
HAL_SYSTICK_Config      0x08001a01     0xc  Code  Gb  stm32f4xx_hal_cortex.o [1]
HAL_TIMEx_BreakCallback
                        0x08002737     0x2  Code  Wk  stm32f4xx_hal_tim_ex.o [1]
HAL_TIMEx_CommutationCallback
                        0x08002735     0x2  Code  Wk  stm32f4xx_hal_tim_ex.o [1]
HAL_TIM_Base_Init       0x08001f55    0x38  Code  Gb  stm32f4xx_hal_tim.o [1]
HAL_TIM_Base_MspInit    0x08001f8d     0x2  Code  Wk  stm32f4xx_hal_tim.o [1]
HAL_TIM_Base_Start_IT   0x08001f8f    0x1e  Code  Gb  stm32f4xx_hal_tim.o [1]
HAL_TIM_IC_CaptureCallback
                        0x08002125     0x2  Code  Wk  stm32f4xx_hal_tim.o [1]
HAL_TIM_IRQHandler      0x08001fad   0x176  Code  Gb  stm32f4xx_hal_tim.o [1]
HAL_TIM_OC_DelayElapsedCallback
                        0x08002123     0x2  Code  Wk  stm32f4xx_hal_tim.o [1]
HAL_TIM_PWM_PulseFinishedCallback
                        0x08002127     0x2  Code  Wk  stm32f4xx_hal_tim.o [1]
HAL_TIM_PeriodElapsedCallback
                        0x08001d25     0xa  Code  Gb  stm32f4xx_hal_timebase_TIM.o [1]
HAL_TIM_TriggerCallback
                        0x08002129     0x2  Code  Wk  stm32f4xx_hal_tim.o [1]
HardFault_Handler       0x08003193     0x2  Code  Gb  stm32f4xx_it.o [1]
LCD_Init                0x08002aaf   0x19e  Code  Gb  LCD22.o [1]
LCD_WR_CMD              0x0800277d    0x30  Code  Gb  LCD22.o [1]
LCD_WR_Data             0x08002739    0x44  Code  Gb  LCD22.o [1]
LCD_clear               0x08002c4d    0x50  Code  Gb  LCD22.o [1]
LcdTask                 0x08002fb1    0x44  Code  Gb  main.o [1]
MX_GPIO_Init            0x08002ed7    0xda  Code  Lc  main.o [1]
MX_SPI1_Init            0x08002e2b    0x56  Code  Lc  main.o [1]
MX_SPI3_Init            0x08002e81    0x56  Code  Lc  main.o [1]
MemManage_Handler       0x08003195     0x2  Code  Gb  stm32f4xx_it.o [1]
NMI_Handler             0x08003191     0x2  Code  Gb  stm32f4xx_it.o [1]
NVIC_EnableIRQ          0x08001919    0x14  Code  Lc  stm32f4xx_hal_cortex.o [1]
NVIC_EncodePriority     0x08001953    0x3e  Code  Lc  stm32f4xx_hal_cortex.o [1]
NVIC_GetPriorityGrouping
                        0x0800190f     0xa  Code  Lc  stm32f4xx_hal_cortex.o [1]
NVIC_SetPriority        0x0800192d    0x26  Code  Lc  stm32f4xx_hal_cortex.o [1]
NVIC_SetPriorityGrouping
                        0x080018f1    0x1e  Code  Lc  stm32f4xx_hal_cortex.o [1]
PendSV_Handler          0x08000f45          Code  Gb  portasm.o [1]
Region$$Table$$Base     0x080031d8           --   Gb  - Linker created -
Region$$Table$$Limit    0x080031fc           --   Gb  - Linker created -
SPI_CheckFlag_BSY       0x08001767    0x2c  Code  Lc  stm32f4xx_hal_spi.o [1]
SPI_CheckForDisablingSPI
                        0x0800173b    0x2c  Code  Lc  stm32f4xx_hal_spi.o [1]
SPI_WaitFlagStateUntilTimeout
                        0x0800169f    0x9c  Code  Lc  stm32f4xx_hal_spi.o [1]
SVC_Handler             0x08000f9d          Code  Gb  portasm.o [1]
StartDefaultTask        0x0800302d     0xc  Code  Gb  main.o [1]
SysTick_Config          0x08001991    0x30  Code  Lc  stm32f4xx_hal_cortex.o [1]
SysTick_Handler         0x0800319d     0x8  Code  Gb  stm32f4xx_it.o [1]
SystemClock_Config      0x08002d8f    0x9c  Code  Gb  main.o [1]
SystemCoreClock         0x20000004     0x4  Data  Gb  system_stm32f4xx.o [1]
SystemInit              0x08003091    0x4c  Code  Gb  system_stm32f4xx.o [1]
TIM1_UP_TIM10_IRQHandler
                        0x080031a5     0xa  Code  Gb  stm32f4xx_it.o [1]
TIM_Base_SetConfig      0x0800212b    0xec  Code  Gb  stm32f4xx_hal_tim.o [1]
UsageFault_Handler      0x08003199     0x2  Code  Gb  stm32f4xx_it.o [1]
__aeabi_memset          0x08000edd          Code  Gb  ABImemset.o [5]
__cmain                 0x080031fd          Code  Gb  cmain.o [5]
__exit                  0x0800322d    0x14  Code  Gb  exit.o [6]
__iar_Memset            0x08000edd          Code  Gb  ABImemset.o [5]
__iar_Memset_word       0x08000ee5          Code  Gb  ABImemset.o [5]
__iar_copy_init3        0x0800313d    0x2c  Code  Gb  copy_init3.o [5]
__iar_data_init3        0x08003169    0x28  Code  Gb  data_init.o [5]
__iar_init_vfp          0x080031b5          Code  Gb  fpinit_M.o [4]
__iar_program_start     0x08003295          Code  Gb  cstartup_M.o [5]
__iar_unaligned___aeabi_memcpy4
                        0x08003039          Code  Gb  ABImemcpy_unaligned.o [5]
__iar_unaligned___aeabi_memcpy8
                        0x08003039          Code  Gb  ABImemcpy_unaligned.o [5]
__iar_zero_init3        0x080030fd    0x40  Code  Gb  zero_init3.o [5]
__low_level_init        0x08003217     0x4  Code  Gb  low_level_init.o [3]
__vector_table          0x08000000          Data  Gb  startup_stm32f446xx.o [1]
_call_main              0x08003209          Code  Gb  cmain.o [5]
_exit                   0x08003221          Code  Gb  cexit.o [5]
_main                   0x08003213          Code  Gb  cmain.o [5]
defaultTaskHandle       0x20004224     0x4  Data  Gb  main.o [1]
draw_lcd                0x080029bb    0xf4  Code  Gb  LCD22.o [1]
exit                    0x0800321b     0x4  Code  Gb  exit.o [3]
get_point_xy            0x0800283d   0x17e  Code  Gb  LCD22.o [1]
get_touch_data          0x080027ad    0x56  Code  Gb  LCD22.o [1]
get_touch_xy            0x08002803    0x3a  Code  Gb  LCD22.o [1]
hspi1                   0x2000409c    0x58  Data  Gb  main.o [1]
hspi3                   0x200040f4    0x58  Data  Gb  main.o [1]
htim1                   0x2000414c    0x3c  Data  Gb  stm32f4xx_hal_timebase_TIM.o [1]
lcdTaskHandle           0x20004228     0x4  Data  Gb  main.o [1]
main                    0x08002d45    0x4a  Code  Gb  main.o [1]
makeFreeRtosPriority    0x08002cc1    0x12  Code  Lc  cmsis_os.o [1]
osDelay                 0x08002d17    0x1c  Code  Gb  cmsis_os.o [1]
osKernelStart           0x08002cd3     0xa  Code  Gb  cmsis_os.o [1]
osSystickHandler        0x08002d33    0x10  Code  Gb  cmsis_os.o [1]
osThreadCreate          0x08002cdd    0x3a  Code  Gb  cmsis_os.o [1]
prvAddCurrentTaskToDelayedList
                        0x0800085b    0x4e  Code  Lc  tasks.o [1]
prvAllocateTCBAndStack  0x080008b1    0x5a  Code  Lc  tasks.o [1]
prvCheckTasksWaitingTermination
                        0x080007f5    0x66  Code  Lc  tasks.o [1]
prvDeleteTCB            0x0800090b    0x12  Code  Lc  tasks.o [1]
prvHeapInit             0x08000ded    0x6e  Code  Lc  heap_4.o [1]
prvIdleTask             0x08000701    0x26  Code  Lc  tasks.o [1]
prvInitialiseTCBVariables
                        0x08000727    0x6c  Code  Lc  tasks.o [1]
prvInitialiseTaskLists  0x08000793    0x5a  Code  Lc  tasks.o [1]
prvInsertBlockIntoFreeList
                        0x08000e5b    0x62  Code  Lc  heap_4.o [1]
prvResetNextTaskUnblockTime
                        0x0800091d    0x2a  Code  Lc  tasks.o [1]
prvTaskExitError        0x080009dd    0x2a  Code  Lc  port.o [1]
pvPortMalloc            0x08000c59   0x11a  Code  Gb  heap_4.o [1]
pxCurrentTCB            0x20004234     0x4  Data  Gb  tasks.o [1]
pxDelayedTaskList       0x20004238     0x4  Data  Lc  tasks.o [1]
pxEnd                   0x20004214     0x4  Data  Lc  heap_4.o [1]
pxOverflowDelayedTaskList
                        0x2000423c     0x4  Data  Lc  tasks.o [1]
pxPortInitialiseStack   0x080009b9    0x24  Code  Gb  port.o [1]
pxReadyTasksLists       0x20004010    0x8c  Data  Lc  tasks.o [1]
touch_counter           0x2000426a     0x1  Data  Gb  LCD22.o [1]
touch_rd_index          0x20004269     0x1  Data  Gb  LCD22.o [1]
touch_wr_index          0x20004268     0x1  Data  Gb  LCD22.o [1]
touch_xy_buffer         0x20004188    0x20  Data  Gb  LCD22.o [1]
ucHeap                  0x20000410  0x3c00  Data  Lc  heap_4.o [1]
ucMaxSysCallPriority    0x2000426b     0x1  Data  Lc  port.o [1]
ulMaxPRIGROUPValue      0x2000422c     0x4  Data  Lc  port.o [1]
uwTick                  0x20004230     0x4  Data  Gb  stm32f4xx_hal.o [1]
uxCriticalNesting       0x20000000     0x4  Data  Lc  port.o [1]
uxCurrentNumberOfTasks  0x20004244     0x4  Data  Lc  tasks.o [1]
uxListRemove            0x08000c2f    0x28  Code  Gb  list.o [1]
uxPendedTicks           0x20004254     0x4  Data  Lc  tasks.o [1]
uxSchedulerSuspended    0x20004264     0x4  Data  Lc  tasks.o [1]
uxTaskNumber            0x20004260     0x4  Data  Lc  tasks.o [1]
uxTasksDeleted          0x20004240     0x4  Data  Lc  tasks.o [1]
uxTopReadyPriority      0x2000424c     0x4  Data  Lc  tasks.o [1]
vListInitialise         0x08000bb9    0x1e  Code  Gb  list.o [1]
vListInitialiseItem     0x08000bd7     0x6  Code  Gb  list.o [1]
vListInsert             0x08000bf5    0x3a  Code  Gb  list.o [1]
vListInsertEnd          0x08000bdd    0x18  Code  Gb  list.o [1]
vPortEnableVFP          0x08000fd1          Code  Gb  portasm.o [1]
vPortEnterCritical      0x08000ad3    0x3a  Code  Gb  port.o [1]
vPortExitCritical       0x08000b0d    0x32  Code  Gb  port.o [1]
vPortFree               0x08000d73    0x7a  Code  Gb  heap_4.o [1]
vPortSetupTimerInterrupt
                        0x08000b6b    0x1a  Code  Wk  port.o [1]
vPortStartFirstTask     0x08000fb9          Code  Gb  portasm.o [1]
vTaskDelay              0x08000349    0x84  Code  Gb  tasks.o [1]
vTaskStartScheduler     0x080003cd    0x62  Code  Gb  tasks.o [1]
vTaskSuspendAll         0x0800042f    0x10  Code  Gb  tasks.o [1]
vTaskSwitchContext      0x08000671    0x74  Code  Gb  tasks.o [1]
xBlockAllocatedBit      0x20004220     0x4  Data  Lc  heap_4.o [1]
xDelayedTaskList1       0x200041a8    0x14  Data  Lc  tasks.o [1]
xDelayedTaskList2       0x200041bc    0x14  Data  Lc  tasks.o [1]
xFreeBytesRemaining     0x20004218     0x4  Data  Lc  heap_4.o [1]
xHeapStructSize         0x080032bc     0x4  Data  Lc  heap_4.o [1]
xMinimumEverFreeBytesRemaining
                        0x2000421c     0x4  Data  Lc  heap_4.o [1]
xNextTaskUnblockTime    0x20000008     0x4  Data  Lc  tasks.o [1]
xNumOfOverflows         0x2000425c     0x4  Data  Lc  tasks.o [1]
xPendingReadyList       0x200041d0    0x14  Data  Lc  tasks.o [1]
xPortStartScheduler     0x08000a07    0xcc  Code  Gb  port.o [1]
xPortSysTickHandler     0x08000b3f    0x2c  Code  Gb  port.o [1]
xSchedulerRunning       0x20004250     0x4  Data  Lc  tasks.o [1]
xStart                  0x2000420c     0x8  Data  Lc  heap_4.o [1]
xSuspendedTaskList      0x200041f8    0x14  Data  Lc  tasks.o [1]
xTaskGenericCreate      0x080001c5   0x184  Code  Gb  tasks.o [1]
xTaskGetSchedulerState  0x08000947    0x26  Code  Gb  tasks.o [1]
xTaskIncrementTick      0x0800053f   0x132  Code  Gb  tasks.o [1]
xTaskResumeAll          0x0800043f   0x100  Code  Gb  tasks.o [1]
xTasksWaitingTermination
                        0x200041e4    0x14  Data  Lc  tasks.o [1]
xTickCount              0x20004248     0x4  Data  Lc  tasks.o [1]
xYieldPending           0x20004258     0x4  Data  Lc  tasks.o [1]


[1] = D:\THUA\development\IAR_works\LED\EWARM\LED\Obj
[2] = command line
[3] = dl7M_tlf.a
[4] = m7M_tls.a
[5] = rt7M_tl.a
[6] = shb_l.a

  13 194 bytes of readonly  code memory
     138 bytes of readonly  data memory
  17 000 bytes of readwrite data memory

Errors: none
Warnings: none
