###############################################################################
#
# IAR ELF Linker V7.60.1.11101/W32 for ARM                12/May/2016  22:38:21
# Copyright 2007-2016 IAR Systems AB.
#
#    Output file  =  D:\THUA\development\IAR_works\LED\EWARM\LED\Exe\LED.out
#    Map file     =  D:\THUA\development\IAR_works\LED\EWARM\LED\List\LED.map
#    Command line =  
#        D:\THUA\development\IAR_works\LED\EWARM\LED\Obj\cmsis_os.o
#        D:\THUA\development\IAR_works\LED\EWARM\LED\Obj\croutine.o
#        D:\THUA\development\IAR_works\LED\EWARM\LED\Obj\event_groups.o
#        D:\THUA\development\IAR_works\LED\EWARM\LED\Obj\freertos.o
#        D:\THUA\development\IAR_works\LED\EWARM\LED\Obj\heap_4.o
#        D:\THUA\development\IAR_works\LED\EWARM\LED\Obj\LCD22.o
#        D:\THUA\development\IAR_works\LED\EWARM\LED\Obj\list.o
#        D:\THUA\development\IAR_works\LED\EWARM\LED\Obj\main.o
#        D:\THUA\development\IAR_works\LED\EWARM\LED\Obj\port.o
#        D:\THUA\development\IAR_works\LED\EWARM\LED\Obj\portasm.o
#        D:\THUA\development\IAR_works\LED\EWARM\LED\Obj\queue.o
#        D:\THUA\development\IAR_works\LED\EWARM\LED\Obj\startup_stm32f446xx.o
#        D:\THUA\development\IAR_works\LED\EWARM\LED\Obj\stm32f4xx_hal.o
#        D:\THUA\development\IAR_works\LED\EWARM\LED\Obj\stm32f4xx_hal_cortex.o
#        D:\THUA\development\IAR_works\LED\EWARM\LED\Obj\stm32f4xx_hal_dma.o
#        D:\THUA\development\IAR_works\LED\EWARM\LED\Obj\stm32f4xx_hal_dma_ex.o
#        D:\THUA\development\IAR_works\LED\EWARM\LED\Obj\stm32f4xx_hal_flash.o
#        D:\THUA\development\IAR_works\LED\EWARM\LED\Obj\stm32f4xx_hal_flash_ex.o
#        D:\THUA\development\IAR_works\LED\EWARM\LED\Obj\stm32f4xx_hal_flash_ramfunc.o
#        D:\THUA\development\IAR_works\LED\EWARM\LED\Obj\stm32f4xx_hal_gpio.o
#        D:\THUA\development\IAR_works\LED\EWARM\LED\Obj\stm32f4xx_hal_msp.o
#        D:\THUA\development\IAR_works\LED\EWARM\LED\Obj\stm32f4xx_hal_pwr.o
#        D:\THUA\development\IAR_works\LED\EWARM\LED\Obj\stm32f4xx_hal_pwr_ex.o
#        D:\THUA\development\IAR_works\LED\EWARM\LED\Obj\stm32f4xx_hal_rcc.o
#        D:\THUA\development\IAR_works\LED\EWARM\LED\Obj\stm32f4xx_hal_rcc_ex.o
#        D:\THUA\development\IAR_works\LED\EWARM\LED\Obj\stm32f4xx_hal_spi.o
#        D:\THUA\development\IAR_works\LED\EWARM\LED\Obj\stm32f4xx_hal_tim.o
#        D:\THUA\development\IAR_works\LED\EWARM\LED\Obj\stm32f4xx_hal_tim_ex.o
#        D:\THUA\development\IAR_works\LED\EWARM\LED\Obj\stm32f4xx_hal_timebase_TIM.o
#        D:\THUA\development\IAR_works\LED\EWARM\LED\Obj\stm32f4xx_it.o
#        D:\THUA\development\IAR_works\LED\EWARM\LED\Obj\system_stm32f4xx.o
#        D:\THUA\development\IAR_works\LED\EWARM\LED\Obj\tasks.o
#        D:\THUA\development\IAR_works\LED\EWARM\LED\Obj\timers.o --redirect
#        _Printf=_PrintfFull --redirect _Scanf=_ScanfFull -o
#        D:\THUA\development\IAR_works\LED\EWARM\LED\Exe\LED.out --map
#        D:\THUA\development\IAR_works\LED\EWARM\LED\List\LED.map --config
#        D:\THUA\development\IAR_works\LED\EWARM/stm32f446xx_flash.icf
#        --semihosting --entry __iar_program_start --vfe
#
###############################################################################

*******************************************************************************
*** RUNTIME MODEL ATTRIBUTES
***

CppFlavor       = *
__SystemLibrary = DLib


*******************************************************************************
*** PLACEMENT SUMMARY
***

"A1":  place at 0x08000000 { ro section .intvec };
"P1":  place in [from 0x08000000 to 0x0807ffff] { ro };
"P2":  place in [from 0x20000000 to 0x2001ffff] { rw, block CSTACK, block HEAP };
initialize by copy { rw };

  Section            Kind        Address    Size  Object
  -------            ----        -------    ----  ------
"A1":                                      0x1c4
  .intvec            ro code  0x08000000   0x1c4  startup_stm32f446xx.o [1]
                            - 0x080001c4   0x1c4

"P1":                                     0x311c
  .text              ro code  0x080001c4   0x798  tasks.o [1]
  .text              ro code  0x0800095c   0x200  port.o [1]
  .text              ro code  0x08000b5c    0x98  list.o [1]
  .text              ro code  0x08000bf4   0x260  heap_4.o [1]
  .text              ro code  0x08000e54    0x66  ABImemset.o [5]
  CODE               ro code  0x08000ebc    0xa8  portasm.o [1]
  .text              ro code  0x08000f64   0x78c  stm32f4xx_hal_spi.o [1]
  .text              ro code  0x080016f0   0x108  stm32f4xx_hal_msp.o [1]
  .text              ro code  0x080017f8    0x54  stm32f4xx_hal.o [1]
  .text              ro code  0x0800184c   0x148  stm32f4xx_hal_cortex.o [1]
  .text              ro code  0x08001994   0x224  stm32f4xx_hal_gpio.o [1]
  .text              ro code  0x08001bb8    0x98  stm32f4xx_hal_timebase_TIM.o [1]
  .text              ro code  0x08001c50   0x224  stm32f4xx_hal_rcc.o [1]
  .text              ro code  0x08001e74   0x2e8  stm32f4xx_hal_tim.o [1]
  .text              ro code  0x0800215c   0x4c8  stm32f4xx_hal_rcc_ex.o [1]
  .text              ro code  0x08002624     0x4  stm32f4xx_hal_tim_ex.o [1]
  .text              ro code  0x08002628   0x56c  LCD22.o [1]
  .text              ro code  0x08002b94    0x7c  cmsis_os.o [1]
  .text              ro code  0x08002c10   0x2f2  main.o [1]
  .text              ro code  0x08002f04    0x56  ABImemcpy_unaligned.o [5]
  .text              ro code  0x08002f5c    0x6c  system_stm32f4xx.o [1]
  .text              ro code  0x08002fc8    0x40  zero_init3.o [5]
  .text              ro code  0x08003008    0x2c  copy_init3.o [5]
  .text              ro code  0x08003034    0x28  data_init.o [5]
  .text              ro code  0x0800305c    0x24  stm32f4xx_it.o [1]
  .text              ro code  0x08003080    0x22  fpinit_M.o [4]
  .iar.init_table    const    0x080030a4    0x24  - Linker created -
  .text              ro code  0x080030c8    0x1a  cmain.o [5]
  .text              ro code  0x080030e2     0x4  low_level_init.o [3]
  .text              ro code  0x080030e6     0x4  exit.o [3]
  .text              ro code  0x080030ec     0xa  cexit.o [5]
  .text              ro code  0x080030f8    0x14  exit.o [6]
  .rodata            const    0x0800310c    0x14  main.o [1]
  .rodata            const    0x08003120    0x14  main.o [1]
  .rodata            const    0x08003134    0x10  stm32f4xx_hal_rcc.o [1]
  .text              ro code  0x08003144    0x10  startup_stm32f446xx.o [1]
  .rodata            const    0x08003154     0xc  main.o [1]
  .text              ro code  0x08003160     0xc  cstartup_M.o [5]
  Initializer bytes  const    0x0800316c     0xc  <for P2-1>
  .rodata            const    0x08003178     0x8  main.o [1]
  .rodata            const    0x08003180     0x8  tasks.o [1]
  .rodata            const    0x08003188     0x4  heap_4.o [1]
  .text              ro code  0x0800318c     0x4  startup_stm32f446xx.o [1]
  .text              ro code  0x08003190     0x4  startup_stm32f446xx.o [1]
  .text              ro code  0x08003194     0x4  startup_stm32f446xx.o [1]
  .text              ro code  0x08003198     0x4  startup_stm32f446xx.o [1]
  .text              ro code  0x0800319c     0x4  startup_stm32f446xx.o [1]
  .text              ro code  0x080031a0     0x4  startup_stm32f446xx.o [1]
  .text              ro code  0x080031a4     0x4  startup_stm32f446xx.o [1]
  .text              ro code  0x080031a8     0x4  startup_stm32f446xx.o [1]
  .text              ro code  0x080031ac     0x4  startup_stm32f446xx.o [1]
  .text              ro code  0x080031b0     0x4  startup_stm32f446xx.o [1]
  .text              ro code  0x080031b4     0x4  startup_stm32f446xx.o [1]
  .text              ro code  0x080031b8     0x4  startup_stm32f446xx.o [1]
  .text              ro code  0x080031bc     0x4  startup_stm32f446xx.o [1]
  .text              ro code  0x080031c0     0x4  startup_stm32f446xx.o [1]
  .text              ro code  0x080031c4     0x4  startup_stm32f446xx.o [1]
  .text              ro code  0x080031c8     0x4  startup_stm32f446xx.o [1]
  .text              ro code  0x080031cc     0x4  startup_stm32f446xx.o [1]
  .text              ro code  0x080031d0     0x4  startup_stm32f446xx.o [1]
  .text              ro code  0x080031d4     0x4  startup_stm32f446xx.o [1]
  .text              ro code  0x080031d8     0x4  startup_stm32f446xx.o [1]
  .text              ro code  0x080031dc     0x4  startup_stm32f446xx.o [1]
  .text              ro code  0x080031e0     0x4  startup_stm32f446xx.o [1]
  .text              ro code  0x080031e4     0x4  startup_stm32f446xx.o [1]
  .text              ro code  0x080031e8     0x4  startup_stm32f446xx.o [1]
  .text              ro code  0x080031ec     0x4  startup_stm32f446xx.o [1]
  .text              ro code  0x080031f0     0x4  startup_stm32f446xx.o [1]
  .text              ro code  0x080031f4     0x4  startup_stm32f446xx.o [1]
  .text              ro code  0x080031f8     0x4  startup_stm32f446xx.o [1]
  .text              ro code  0x080031fc     0x4  startup_stm32f446xx.o [1]
  .text              ro code  0x08003200     0x4  startup_stm32f446xx.o [1]
  .text              ro code  0x08003204     0x4  startup_stm32f446xx.o [1]
  .text              ro code  0x08003208     0x4  startup_stm32f446xx.o [1]
  .text              ro code  0x0800320c     0x4  startup_stm32f446xx.o [1]
  .text              ro code  0x08003210     0x4  startup_stm32f446xx.o [1]
  .text              ro code  0x08003214     0x4  startup_stm32f446xx.o [1]
  .text              ro code  0x08003218     0x4  startup_stm32f446xx.o [1]
  .text              ro code  0x0800321c     0x4  startup_stm32f446xx.o [1]
  .text              ro code  0x08003220     0x4  startup_stm32f446xx.o [1]
  .text              ro code  0x08003224     0x4  startup_stm32f446xx.o [1]
  .text              ro code  0x08003228     0x4  startup_stm32f446xx.o [1]
  .text              ro code  0x0800322c     0x4  startup_stm32f446xx.o [1]
  .text              ro code  0x08003230     0x4  startup_stm32f446xx.o [1]
  .text              ro code  0x08003234     0x4  startup_stm32f446xx.o [1]
  .text              ro code  0x08003238     0x4  startup_stm32f446xx.o [1]
  .text              ro code  0x0800323c     0x4  startup_stm32f446xx.o [1]
  .text              ro code  0x08003240     0x4  startup_stm32f446xx.o [1]
  .text              ro code  0x08003244     0x4  startup_stm32f446xx.o [1]
  .text              ro code  0x08003248     0x4  startup_stm32f446xx.o [1]
  .text              ro code  0x0800324c     0x4  startup_stm32f446xx.o [1]
  .text              ro code  0x08003250     0x4  startup_stm32f446xx.o [1]
  .text              ro code  0x08003254     0x4  startup_stm32f446xx.o [1]
  .text              ro code  0x08003258     0x4  startup_stm32f446xx.o [1]
  .text              ro code  0x0800325c     0x4  startup_stm32f446xx.o [1]
  .text              ro code  0x08003260     0x4  startup_stm32f446xx.o [1]
  .text              ro code  0x08003264     0x4  startup_stm32f446xx.o [1]
  .text              ro code  0x08003268     0x4  startup_stm32f446xx.o [1]
  .text              ro code  0x0800326c     0x4  startup_stm32f446xx.o [1]
  .text              ro code  0x08003270     0x4  startup_stm32f446xx.o [1]
  .text              ro code  0x08003274     0x4  startup_stm32f446xx.o [1]
  .text              ro code  0x08003278     0x4  startup_stm32f446xx.o [1]
  .text              ro code  0x0800327c     0x4  startup_stm32f446xx.o [1]
  .text              ro code  0x08003280     0x4  startup_stm32f446xx.o [1]
  .text              ro code  0x08003284     0x4  startup_stm32f446xx.o [1]
  .text              ro code  0x08003288     0x4  startup_stm32f446xx.o [1]
  .text              ro code  0x0800328c     0x4  startup_stm32f446xx.o [1]
  .text              ro code  0x08003290     0x4  startup_stm32f446xx.o [1]
  .text              ro code  0x08003294     0x4  startup_stm32f446xx.o [1]
  .text              ro code  0x08003298     0x4  startup_stm32f446xx.o [1]
  .text              ro code  0x0800329c     0x4  startup_stm32f446xx.o [1]
  .text              ro code  0x080032a0     0x4  startup_stm32f446xx.o [1]
  .text              ro code  0x080032a4     0x4  startup_stm32f446xx.o [1]
  .text              ro code  0x080032a8     0x4  startup_stm32f446xx.o [1]
  .text              ro code  0x080032ac     0x4  startup_stm32f446xx.o [1]
  .text              ro code  0x080032b0     0x4  startup_stm32f446xx.o [1]
  .text              ro code  0x080032b4     0x4  startup_stm32f446xx.o [1]
  .text              ro code  0x080032b8     0x4  startup_stm32f446xx.o [1]
  .text              ro code  0x080032bc     0x4  startup_stm32f446xx.o [1]
  .text              ro code  0x080032c0     0x4  startup_stm32f446xx.o [1]
  .text              ro code  0x080032c4     0x4  startup_stm32f446xx.o [1]
  .text              ro code  0x080032c8     0x4  startup_stm32f446xx.o [1]
  .text              ro code  0x080032cc     0x4  startup_stm32f446xx.o [1]
  .text              ro code  0x080032d0     0x4  startup_stm32f446xx.o [1]
  .text              ro code  0x080032d4     0x4  startup_stm32f446xx.o [1]
  .text              ro code  0x080032d8     0x4  startup_stm32f446xx.o [1]
  .text              ro code  0x080032dc     0x4  startup_stm32f446xx.o [1]
  .rodata            const    0x080032e0     0x0  zero_init3.o [5]
  .rodata            const    0x080032e0     0x0  copy_init3.o [5]
                            - 0x080032e0  0x311c

"P2", part 1 of 3:                           0xc
  P2-1                        0x20000000     0xc  <Init block>
    .data            inited   0x20000000     0x4  port.o [1]
    .data            inited   0x20000004     0x4  system_stm32f4xx.o [1]
    .data            inited   0x20000008     0x4  tasks.o [1]
                            - 0x2000000c     0xc

"P2", part 2 of 3:                         0x400
  CSTACK                      0x20000010   0x400  <Block>
    CSTACK           uninit   0x20000010   0x400  <Block tail>
                            - 0x20000410   0x400

"P2", part 3 of 3:                        0x3e5c
  .bss               zero     0x20000410  0x3c00  heap_4.o [1]
  .bss               zero     0x20004010    0x8c  tasks.o [1]
  .bss               zero     0x2000409c    0x58  main.o [1]
  .bss               zero     0x200040f4    0x58  main.o [1]
  .bss               zero     0x2000414c    0x3c  stm32f4xx_hal_timebase_TIM.o [1]
  .bss               zero     0x20004188    0x20  LCD22.o [1]
  .bss               zero     0x200041a8    0x14  tasks.o [1]
  .bss               zero     0x200041bc    0x14  tasks.o [1]
  .bss               zero     0x200041d0    0x14  tasks.o [1]
  .bss               zero     0x200041e4    0x14  tasks.o [1]
  .bss               zero     0x200041f8    0x14  tasks.o [1]
  .bss               zero     0x2000420c     0x8  heap_4.o [1]
  .bss               zero     0x20004214     0x4  heap_4.o [1]
  .bss               zero     0x20004218     0x4  heap_4.o [1]
  .bss               zero     0x2000421c     0x4  heap_4.o [1]
  .bss               zero     0x20004220     0x4  heap_4.o [1]
  .bss               zero     0x20004224     0x4  main.o [1]
  .bss               zero     0x20004228     0x4  main.o [1]
  .bss               zero     0x2000422c     0x4  port.o [1]
  .bss               zero     0x20004230     0x4  stm32f4xx_hal.o [1]
  .bss               zero     0x20004234     0x4  tasks.o [1]
  .bss               zero     0x20004238     0x4  tasks.o [1]
  .bss               zero     0x2000423c     0x4  tasks.o [1]
  .bss               zero     0x20004240     0x4  tasks.o [1]
  .bss               zero     0x20004244     0x4  tasks.o [1]
  .bss               zero     0x20004248     0x4  tasks.o [1]
  .bss               zero     0x2000424c     0x4  tasks.o [1]
  .bss               zero     0x20004250     0x4  tasks.o [1]
  .bss               zero     0x20004254     0x4  tasks.o [1]
  .bss               zero     0x20004258     0x4  tasks.o [1]
  .bss               zero     0x2000425c     0x4  tasks.o [1]
  .bss               zero     0x20004260     0x4  tasks.o [1]
  .bss               zero     0x20004264     0x4  tasks.o [1]
  .bss               zero     0x20004268     0x1  LCD22.o [1]
  .bss               zero     0x20004269     0x1  LCD22.o [1]
  .bss               zero     0x2000426a     0x1  LCD22.o [1]
  .bss               zero     0x2000426b     0x1  port.o [1]
                            - 0x2000426c  0x3e5c


*******************************************************************************
*** INIT TABLE
***

          Address     Size
          -------     ----
Zero (__iar_zero_init3)
    1 destination range, total size 0x3e5c:
          0x20000410  0x3e5c

Copy (__iar_copy_init3)
    1 source range, total size 0xc:
          0x0800316c     0xc
    1 destination range, total size 0xc:
          0x20000000     0xc



*******************************************************************************
*** MODULE SUMMARY
***

    Module                        ro code  ro data  rw data
    ------                        -------  -------  -------
D:\THUA\development\IAR_works\LED\EWARM\LED\Obj: [1]
    LCD22.o                         1 388                35
    cmsis_os.o                        124
    heap_4.o                          608        4   15 384
    list.o                            152
    main.o                            754       60      184
    port.o                            512        4        9
    portasm.o                         168
    startup_stm32f446xx.o             808
    stm32f4xx_hal.o                    84                 4
    stm32f4xx_hal_cortex.o            328
    stm32f4xx_hal_gpio.o              548
    stm32f4xx_hal_msp.o               264
    stm32f4xx_hal_rcc.o               548       16
    stm32f4xx_hal_rcc_ex.o          1 224
    stm32f4xx_hal_spi.o             1 932
    stm32f4xx_hal_tim.o               744
    stm32f4xx_hal_tim_ex.o              4
    stm32f4xx_hal_timebase_TIM.o      152                60
    stm32f4xx_it.o                     36
    system_stm32f4xx.o                108        4        4
    tasks.o                         1 944       12      296
    -------------------------------------------------------
    Total:                         12 430      100   15 976

command line: [2]
    -------------------------------------------------------
    Total:

dl7M_tlf.a: [3]
    exit.o                              4
    low_level_init.o                    4
    -------------------------------------------------------
    Total:                              8

m7M_tls.a: [4]
    fpinit_M.o                         34
    -------------------------------------------------------
    Total:                             34

rt7M_tl.a: [5]
    ABImemcpy_unaligned.o              86
    ABImemset.o                       102
    cexit.o                            10
    cmain.o                            26
    copy_init3.o                       44
    cstartup_M.o                       12
    data_init.o                        40
    zero_init3.o                       64
    -------------------------------------------------------
    Total:                            384

shb_l.a: [6]
    exit.o                             20
    -------------------------------------------------------
    Total:                             20

    Gaps                               10        2
    Linker created                              36    1 024
-----------------------------------------------------------
    Grand Total:                   12 886      138   17 000


*******************************************************************************
*** ENTRY LIST
***

Entry                      Address    Size  Type      Object
-----                      -------    ----  ----      ------
.iar.init_table$$Base   0x080030a4           --   Gb  - Linker created -
.iar.init_table$$Limit  0x080030c8           --   Gb  - Linker created -
?main                   0x080030c9          Code  Gb  cmain.o [5]
APBAHBPrescTable        0x08003134    0x10  Data  Gb  stm32f4xx_hal_rcc.o [1]
BusFault_Handler        0x08003063     0x2  Code  Gb  stm32f4xx_it.o [1]
CSTACK$$Base            0x20000010           --   Gb  - Linker created -
CSTACK$$Limit           0x20000410           --   Gb  - Linker created -
DebugMon_Handler        0x08003067     0x2  Code  Gb  stm32f4xx_it.o [1]
HAL_GPIO_Init           0x08001995   0x1ca  Code  Gb  stm32f4xx_hal_gpio.o [1]
HAL_GPIO_ReadPin        0x08001b5f    0x12  Code  Gb  stm32f4xx_hal_gpio.o [1]
HAL_GPIO_WritePin       0x08001b71    0x14  Code  Gb  stm32f4xx_hal_gpio.o [1]
HAL_GetTick             0x0800183f     0x6  Code  Wk  stm32f4xx_hal.o [1]
HAL_IncTick             0x08001833     0xc  Code  Wk  stm32f4xx_hal.o [1]
HAL_Init                0x080017f9    0x3a  Code  Gb  stm32f4xx_hal.o [1]
HAL_InitTick            0x08001bb9    0x80  Code  Gb  stm32f4xx_hal_timebase_TIM.o [1]
HAL_MspInit             0x080016f1    0x46  Code  Gb  stm32f4xx_hal_msp.o [1]
HAL_NVIC_EnableIRQ      0x0800193f     0xa  Code  Gb  stm32f4xx_hal_cortex.o [1]
HAL_NVIC_SetPriority    0x0800191d    0x22  Code  Gb  stm32f4xx_hal_cortex.o [1]
HAL_NVIC_SetPriorityGrouping
                        0x08001915     0x8  Code  Gb  stm32f4xx_hal_cortex.o [1]
HAL_RCC_ClockConfig     0x08001c51   0x18c  Code  Gb  stm32f4xx_hal_rcc.o [1]
HAL_RCC_GetClockConfig  0x08001e25    0x3a  Code  Gb  stm32f4xx_hal_rcc.o [1]
HAL_RCC_GetHCLKFreq     0x08001ddd    0x28  Code  Gb  stm32f4xx_hal_rcc.o [1]
HAL_RCC_GetPCLK2Freq    0x08001e05    0x20  Code  Gb  stm32f4xx_hal_rcc.o [1]
HAL_RCC_GetSysClockFreq
                        0x08002509    0xee  Code  Gb  stm32f4xx_hal_rcc_ex.o [1]
HAL_RCC_OscConfig       0x0800215d   0x39e  Code  Gb  stm32f4xx_hal_rcc_ex.o [1]
HAL_SPI_Init            0x08000f65    0xa0  Code  Gb  stm32f4xx_hal_spi.o [1]
HAL_SPI_MspInit         0x08001737    0xa8  Code  Gb  stm32f4xx_hal_msp.o [1]
HAL_SPI_Receive         0x0800118f   0x236  Code  Gb  stm32f4xx_hal_spi.o [1]
HAL_SPI_Transmit        0x08001005   0x18a  Code  Gb  stm32f4xx_hal_spi.o [1]
HAL_SPI_TransmitReceive
                        0x080013c5   0x23e  Code  Gb  stm32f4xx_hal_spi.o [1]
HAL_SYSTICK_CLKSourceConfig
                        0x08001951    0x22  Code  Gb  stm32f4xx_hal_cortex.o [1]
HAL_SYSTICK_Config      0x08001949     0x8  Code  Gb  stm32f4xx_hal_cortex.o [1]
HAL_TIMEx_BreakCallback
                        0x08002627     0x2  Code  Wk  stm32f4xx_hal_tim_ex.o [1]
HAL_TIMEx_CommutationCallback
                        0x08002625     0x2  Code  Wk  stm32f4xx_hal_tim_ex.o [1]
HAL_TIM_Base_Init       0x08001e75    0x38  Code  Gb  stm32f4xx_hal_tim.o [1]
HAL_TIM_Base_MspInit    0x08001ead     0x2  Code  Wk  stm32f4xx_hal_tim.o [1]
HAL_TIM_Base_Start_IT   0x08001eaf    0x1c  Code  Gb  stm32f4xx_hal_tim.o [1]
HAL_TIM_IC_CaptureCallback
                        0x08002043     0x2  Code  Wk  stm32f4xx_hal_tim.o [1]
HAL_TIM_IRQHandler      0x08001ecb   0x176  Code  Gb  stm32f4xx_hal_tim.o [1]
HAL_TIM_OC_DelayElapsedCallback
                        0x08002041     0x2  Code  Wk  stm32f4xx_hal_tim.o [1]
HAL_TIM_PWM_PulseFinishedCallback
                        0x08002045     0x2  Code  Wk  stm32f4xx_hal_tim.o [1]
HAL_TIM_PeriodElapsedCallback
                        0x08001c49     0x8  Code  Gb  stm32f4xx_hal_timebase_TIM.o [1]
HAL_TIM_TriggerCallback
                        0x08002047     0x2  Code  Wk  stm32f4xx_hal_tim.o [1]
HardFault_Handler       0x0800305f     0x2  Code  Gb  stm32f4xx_it.o [1]
LCD_Init                0x08002985   0x19e  Code  Gb  LCD22.o [1]
LCD_WR_CMD              0x0800266b    0x30  Code  Gb  LCD22.o [1]
LCD_WR_Data             0x08002629    0x42  Code  Gb  LCD22.o [1]
LCD_clear               0x08002b23    0x4c  Code  Gb  LCD22.o [1]
LcdTask                 0x08002e7d    0x44  Code  Gb  main.o [1]
MX_GPIO_Init            0x08002da3    0xda  Code  Lc  main.o [1]
MX_SPI1_Init            0x08002cf7    0x56  Code  Lc  main.o [1]
MX_SPI3_Init            0x08002d4d    0x56  Code  Lc  main.o [1]
MemManage_Handler       0x08003061     0x2  Code  Gb  stm32f4xx_it.o [1]
NMI_Handler             0x0800305d     0x2  Code  Gb  stm32f4xx_it.o [1]
NVIC_EnableIRQ          0x08001873    0x14  Code  Lc  stm32f4xx_hal_cortex.o [1]
NVIC_EncodePriority     0x080018a9    0x3e  Code  Lc  stm32f4xx_hal_cortex.o [1]
NVIC_GetPriorityGrouping
                        0x08001869     0xa  Code  Lc  stm32f4xx_hal_cortex.o [1]
NVIC_SetPriority        0x08001887    0x22  Code  Lc  stm32f4xx_hal_cortex.o [1]
NVIC_SetPriorityGrouping
                        0x0800184d    0x1c  Code  Lc  stm32f4xx_hal_cortex.o [1]
PendSV_Handler          0x08000ebd          Code  Gb  portasm.o [1]
Region$$Table$$Base     0x080030a4           --   Gb  - Linker created -
Region$$Table$$Limit    0x080030c8           --   Gb  - Linker created -
SPI_CheckFlag_BSY       0x080016c9    0x28  Code  Lc  stm32f4xx_hal_spi.o [1]
SPI_CheckForDisablingSPI
                        0x0800169f    0x2a  Code  Lc  stm32f4xx_hal_spi.o [1]
SPI_WaitFlagStateUntilTimeout
                        0x08001603    0x9c  Code  Lc  stm32f4xx_hal_spi.o [1]
SVC_Handler             0x08000f15          Code  Gb  portasm.o [1]
StartDefaultTask        0x08002ef9     0xa  Code  Gb  main.o [1]
SysTick_Config          0x080018e7    0x2e  Code  Lc  stm32f4xx_hal_cortex.o [1]
SysTick_Handler         0x08003069     0x8  Code  Gb  stm32f4xx_it.o [1]
SystemClock_Config      0x08002c5b    0x9c  Code  Gb  main.o [1]
SystemCoreClock         0x20000004     0x4  Data  Gb  system_stm32f4xx.o [1]
SystemInit              0x08002f5d    0x4c  Code  Gb  system_stm32f4xx.o [1]
TIM1_UP_TIM10_IRQHandler
                        0x08003071     0xa  Code  Gb  stm32f4xx_it.o [1]
TIM_Base_SetConfig      0x08002049    0xe6  Code  Gb  stm32f4xx_hal_tim.o [1]
UsageFault_Handler      0x08003065     0x2  Code  Gb  stm32f4xx_it.o [1]
__aeabi_memset          0x08000e55          Code  Gb  ABImemset.o [5]
__cmain                 0x080030c9          Code  Gb  cmain.o [5]
__exit                  0x080030f9    0x14  Code  Gb  exit.o [6]
__iar_Memset            0x08000e55          Code  Gb  ABImemset.o [5]
__iar_Memset_word       0x08000e5d          Code  Gb  ABImemset.o [5]
__iar_copy_init3        0x08003009    0x2c  Code  Gb  copy_init3.o [5]
__iar_data_init3        0x08003035    0x28  Code  Gb  data_init.o [5]
__iar_init_vfp          0x08003081          Code  Gb  fpinit_M.o [4]
__iar_program_start     0x08003161          Code  Gb  cstartup_M.o [5]
__iar_unaligned___aeabi_memcpy4
                        0x08002f05          Code  Gb  ABImemcpy_unaligned.o [5]
__iar_unaligned___aeabi_memcpy8
                        0x08002f05          Code  Gb  ABImemcpy_unaligned.o [5]
__iar_zero_init3        0x08002fc9    0x40  Code  Gb  zero_init3.o [5]
__low_level_init        0x080030e3     0x4  Code  Gb  low_level_init.o [3]
__vector_table          0x08000000          Data  Gb  startup_stm32f446xx.o [1]
_call_main              0x080030d5          Code  Gb  cmain.o [5]
_exit                   0x080030ed          Code  Gb  cexit.o [5]
_main                   0x080030df          Code  Gb  cmain.o [5]
defaultTaskHandle       0x20004224     0x4  Data  Gb  main.o [1]
draw_lcd                0x08002895    0xf0  Code  Gb  LCD22.o [1]
exit                    0x080030e7     0x4  Code  Gb  exit.o [3]
get_point_xy            0x08002727   0x16e  Code  Gb  LCD22.o [1]
get_touch_data          0x0800269b    0x50  Code  Gb  LCD22.o [1]
get_touch_xy            0x080026eb    0x3c  Code  Gb  LCD22.o [1]
hspi1                   0x2000409c    0x58  Data  Gb  main.o [1]
hspi3                   0x200040f4    0x58  Data  Gb  main.o [1]
htim1                   0x2000414c    0x3c  Data  Gb  stm32f4xx_hal_timebase_TIM.o [1]
lcdTaskHandle           0x20004228     0x4  Data  Gb  main.o [1]
main                    0x08002c11    0x4a  Code  Gb  main.o [1]
makeFreeRtosPriority    0x08002b95    0x12  Code  Lc  cmsis_os.o [1]
osDelay                 0x08002beb    0x16  Code  Gb  cmsis_os.o [1]
osKernelStart           0x08002ba7     0xa  Code  Gb  cmsis_os.o [1]
osSystickHandler        0x08002c01    0x10  Code  Gb  cmsis_os.o [1]
osThreadCreate          0x08002bb1    0x3a  Code  Gb  cmsis_os.o [1]
prvAddCurrentTaskToDelayedList
                        0x0800080d    0x4e  Code  Lc  tasks.o [1]
prvAllocateTCBAndStack  0x08000865    0x4a  Code  Lc  tasks.o [1]
prvCheckTasksWaitingTermination
                        0x080007a5    0x64  Code  Lc  tasks.o [1]
prvDeleteTCB            0x080008af    0x12  Code  Lc  tasks.o [1]
prvHeapInit             0x08000d77    0x64  Code  Lc  heap_4.o [1]
prvIdleTask             0x080006cd    0x24  Code  Lc  tasks.o [1]
prvInitialiseTCBVariables
                        0x080006f5    0x58  Code  Lc  tasks.o [1]
prvInitialiseTaskLists  0x0800074d    0x58  Code  Lc  tasks.o [1]
prvInsertBlockIntoFreeList
                        0x08000ddb    0x5c  Code  Lc  heap_4.o [1]
prvResetNextTaskUnblockTime
                        0x080008c1    0x2a  Code  Lc  tasks.o [1]
prvTaskExitError        0x08000981    0x2a  Code  Lc  port.o [1]
pvPortMalloc            0x08000bf5   0x10c  Code  Gb  heap_4.o [1]
pxCurrentTCB            0x20004234     0x4  Data  Gb  tasks.o [1]
pxDelayedTaskList       0x20004238     0x4  Data  Lc  tasks.o [1]
pxEnd                   0x20004214     0x4  Data  Lc  heap_4.o [1]
pxOverflowDelayedTaskList
                        0x2000423c     0x4  Data  Lc  tasks.o [1]
pxPortInitialiseStack   0x0800095d    0x24  Code  Gb  port.o [1]
pxReadyTasksLists       0x20004010    0x8c  Data  Lc  tasks.o [1]
touch_counter           0x2000426a     0x1  Data  Gb  LCD22.o [1]
touch_rd_index          0x20004269     0x1  Data  Gb  LCD22.o [1]
touch_wr_index          0x20004268     0x1  Data  Gb  LCD22.o [1]
touch_xy_buffer         0x20004188    0x20  Data  Gb  LCD22.o [1]
ucHeap                  0x20000410  0x3c00  Data  Lc  heap_4.o [1]
ucMaxSysCallPriority    0x2000426b     0x1  Data  Lc  port.o [1]
ulMaxPRIGROUPValue      0x2000422c     0x4  Data  Lc  port.o [1]
uwTick                  0x20004230     0x4  Data  Gb  stm32f4xx_hal.o [1]
uxCriticalNesting       0x20000000     0x4  Data  Lc  port.o [1]
uxCurrentNumberOfTasks  0x20004244     0x4  Data  Lc  tasks.o [1]
uxListRemove            0x08000bcf    0x26  Code  Gb  list.o [1]
uxPendedTicks           0x20004254     0x4  Data  Lc  tasks.o [1]
uxSchedulerSuspended    0x20004264     0x4  Data  Lc  tasks.o [1]
uxTaskNumber            0x20004260     0x4  Data  Lc  tasks.o [1]
uxTasksDeleted          0x20004240     0x4  Data  Lc  tasks.o [1]
uxTopReadyPriority      0x2000424c     0x4  Data  Lc  tasks.o [1]
vListInitialise         0x08000b5d    0x1e  Code  Gb  list.o [1]
vListInitialiseItem     0x08000b7b     0x6  Code  Gb  list.o [1]
vListInsert             0x08000b99    0x36  Code  Gb  list.o [1]
vListInsertEnd          0x08000b81    0x18  Code  Gb  list.o [1]
vPortEnableVFP          0x08000f49          Code  Gb  portasm.o [1]
vPortEnterCritical      0x08000a77    0x3a  Code  Gb  port.o [1]
vPortExitCritical       0x08000ab1    0x32  Code  Gb  port.o [1]
vPortFree               0x08000d01    0x76  Code  Gb  heap_4.o [1]
vPortSetupTimerInterrupt
                        0x08000b0f    0x1a  Code  Wk  port.o [1]
vPortStartFirstTask     0x08000f31          Code  Gb  portasm.o [1]
vTaskDelay              0x0800033b    0x80  Code  Gb  tasks.o [1]
vTaskStartScheduler     0x080003bb    0x62  Code  Gb  tasks.o [1]
vTaskSuspendAll         0x0800041d    0x10  Code  Gb  tasks.o [1]
vTaskSwitchContext      0x08000645    0x6e  Code  Gb  tasks.o [1]
xBlockAllocatedBit      0x20004220     0x4  Data  Lc  heap_4.o [1]
xDelayedTaskList1       0x200041a8    0x14  Data  Lc  tasks.o [1]
xDelayedTaskList2       0x200041bc    0x14  Data  Lc  tasks.o [1]
xFreeBytesRemaining     0x20004218     0x4  Data  Lc  heap_4.o [1]
xHeapStructSize         0x08003188     0x4  Data  Lc  heap_4.o [1]
xMinimumEverFreeBytesRemaining
                        0x2000421c     0x4  Data  Lc  heap_4.o [1]
xNextTaskUnblockTime    0x20000008     0x4  Data  Lc  tasks.o [1]
xNumOfOverflows         0x2000425c     0x4  Data  Lc  tasks.o [1]
xPendingReadyList       0x200041d0    0x14  Data  Lc  tasks.o [1]
xPortStartScheduler     0x080009ab    0xcc  Code  Gb  port.o [1]
xPortSysTickHandler     0x08000ae3    0x2c  Code  Gb  port.o [1]
xSchedulerRunning       0x20004250     0x4  Data  Lc  tasks.o [1]
xStart                  0x2000420c     0x8  Data  Lc  heap_4.o [1]
xSuspendedTaskList      0x200041f8    0x14  Data  Lc  tasks.o [1]
xTaskGenericCreate      0x080001c5   0x176  Code  Gb  tasks.o [1]
xTaskGetSchedulerState  0x080008f1    0x20  Code  Gb  tasks.o [1]
xTaskIncrementTick      0x08000529   0x11c  Code  Gb  tasks.o [1]
xTaskResumeAll          0x0800042d    0xfc  Code  Gb  tasks.o [1]
xTasksWaitingTermination
                        0x200041e4    0x14  Data  Lc  tasks.o [1]
xTickCount              0x20004248     0x4  Data  Lc  tasks.o [1]
xYieldPending           0x20004258     0x4  Data  Lc  tasks.o [1]


[1] = D:\THUA\development\IAR_works\LED\EWARM\LED\Obj
[2] = command line
[3] = dl7M_tlf.a
[4] = m7M_tls.a
[5] = rt7M_tl.a
[6] = shb_l.a

  12 886 bytes of readonly  code memory
     138 bytes of readonly  data memory
  17 000 bytes of readwrite data memory

Errors: none
Warnings: none
